Flight Commander Configurator 4.0.0 source migration applied.
! Corepack is about to download https://registry.yarnpkg.com/yarn/-/yarn-1.22.22.tgz
yarn install v1.22.22
[1/5] Validating package.json...
[2/5] Resolving packages...
[3/5] Fetching packages...
warning chart.js@4.5.1: The engine "pnpm" appears to be invalid.
[4/5] Linking dependencies...
warning "node-mavlink > mavlink-mappings > ts-node@10.9.2" has unmet peer dependency "@types/node@*".
warning "node-mavlink > mavlink-mappings > ts-node@10.9.2" has unmet peer dependency "typescript@>=2.7".
[5/5] Building fresh packages...
Done in 17.18s.
yarn run v1.22.22
$ node scripts/check-flight-commander-version.mjs && node tests/transpiler/run_all_tests.cjs && node scripts/run-node-tests.mjs
file:///home/runner/work/Flight-Commander/Flight-Commander/scripts/check-flight-commander-version.mjs:39
    throw new Error(
          ^

Error: package.json must declare the exact lowercase SHA-256 of the published firmware HEX.
    at validateFlightCommanderVersions (file:///home/runner/work/Flight-Commander/Flight-Commander/scripts/check-flight-commander-version.mjs:39:11)
    at file:///home/runner/work/Flight-Commander/Flight-Commander/scripts/check-flight-commander-version.mjs:112:17

Node.js v22.23.1
error Command failed with exit code 1.
info Visit https://yarnpkg.com/en/docs/cli/run for documentation about this command.
